// Jest Snapshot v1, https://goo.gl/fbAQLP

exports[`expoect to render CounterButton component 1`] = `
<button
  color="red"
  id="counter"
  onClick={[Function]}
>
  Count: 
  0
</button>
`;

exports[`renders without crashing 1`] = `
<button
  color="red"
  id="counter"
  onClick={[Function]}
>
  Count: 
  0
</button>
`;
